package: name='com.innotrik.aispeaking' versionCode='7' versionName='1.0.5' platformBuildVersionName='16' platformBuildVersionCode='36' compileSdkVersion='36' compileSdkVersionCodename='16'
sdkVersion:'24'
targetSdkVersion:'36'
uses-permission: name='android.permission.INTERNET'
uses-permission: name='android.permission.ACCESS_NETWORK_STATE'
uses-permission: name='android.permission.RECORD_AUDIO'
uses-permission: name='android.permission.MODIFY_AUDIO_SETTINGS'
uses-permission: name='android.permission.WAKE_LOCK'
uses-permission: name='android.permission.FOREGROUND_SERVICE'
uses-permission: name='android.permission.FOREGROUND_SERVICE_CONNECTED_DEVICE'
uses-permission: name='android.permission.FOREGROUND_SERVICE_MEDIA_PLAYBACK'
uses-permission: name='android.permission.FOREGROUND_SERVICE_MICROPHONE'
uses-permission: name='android.permission.POST_NOTIFICATIONS'
uses-permission: name='android.permission.BLUETOOTH' maxSdkVersion='30'
uses-permission: name='android.permission.BLUETOOTH_ADMIN' maxSdkVersion='30'
uses-permission: name='android.permission.ACCESS_FINE_LOCATION' maxSdkVersion='30'
uses-permission: name='android.permission.BLUETOOTH_SCAN'
uses-permission: name='android.permission.BLUETOOTH_CONNECT'
uses-permission: name='android.permission.REQUEST_COMPANION_RUN_IN_BACKGROUND'
uses-permission: name='android.permission.REQUEST_COMPANION_START_FOREGROUND_SERVICES_FROM_BACKGROUND'
uses-permission: name='android.permission.REQUEST_OBSERVE_COMPANION_DEVICE_PRESENCE'
uses-permission: name='android.permission.RECEIVE_BOOT_COMPLETED'
uses-permission: name='android.permission.USE_BIOMETRIC'
uses-permission: name='android.permission.USE_FINGERPRINT'
uses-permission: name='com.innotrik.aispeaking.DYNAMIC_RECEIVER_NOT_EXPORTED_PERMISSION'
application-label:'Trợ lý giao tiếp'
application-label-af:'Trợ lý giao tiếp'
application-label-am:'Trợ lý giao tiếp'
application-label-ar:'Trợ lý giao tiếp'
application-label-as:'Trợ lý giao tiếp'
application-label-az:'Trợ lý giao tiếp'
application-label-be:'Trợ lý giao tiếp'
application-label-bg:'Trợ lý giao tiếp'
application-label-bn:'Trợ lý giao tiếp'
application-label-bs:'Trợ lý giao tiếp'
application-label-ca:'Trợ lý giao tiếp'
application-label-cs:'Trợ lý giao tiếp'
application-label-da:'Trợ lý giao tiếp'
application-label-de:'Trợ lý giao tiếp'
application-label-el:'Trợ lý giao tiếp'
application-label-en-AU:'Trợ lý giao tiếp'
application-label-en-CA:'Trợ lý giao tiếp'
application-label-en-GB:'Trợ lý giao tiếp'
application-label-en-IN:'Trợ lý giao tiếp'
application-label-en-XC:'Trợ lý giao tiếp'
application-label-es:'Trợ lý giao tiếp'
application-label-es-US:'Trợ lý giao tiếp'
application-label-et:'Trợ lý giao tiếp'
application-label-eu:'Trợ lý giao tiếp'
application-label-fa:'Trợ lý giao tiếp'
application-label-fi:'Trợ lý giao tiếp'
application-label-fr:'Trợ lý giao tiếp'
application-label-fr-CA:'Trợ lý giao tiếp'
application-label-gl:'Trợ lý giao tiếp'
application-label-gu:'Trợ lý giao tiếp'
application-label-hi:'Trợ lý giao tiếp'
application-label-hr:'Trợ lý giao tiếp'
application-label-hu:'Trợ lý giao tiếp'
application-label-hy:'Trợ lý giao tiếp'
application-label-in:'Trợ lý giao tiếp'
application-label-is:'Trợ lý giao tiếp'
application-label-it:'Trợ lý giao tiếp'
application-label-iw:'Trợ lý giao tiếp'
application-label-ja:'Trợ lý giao tiếp'
application-label-ka:'Trợ lý giao tiếp'
application-label-kk:'Trợ lý giao tiếp'
application-label-km:'Trợ lý giao tiếp'
application-label-kn:'Trợ lý giao tiếp'
application-label-ko:'Trợ lý giao tiếp'
application-label-ky:'Trợ lý giao tiếp'
application-label-lo:'Trợ lý giao tiếp'
application-label-lt:'Trợ lý giao tiếp'
application-label-lv:'Trợ lý giao tiếp'
application-label-mk:'Trợ lý giao tiếp'
application-label-ml:'Trợ lý giao tiếp'
application-label-mn:'Trợ lý giao tiếp'
application-label-mr:'Trợ lý giao tiếp'
application-label-ms:'Trợ lý giao tiếp'
application-label-my:'Trợ lý giao tiếp'
application-label-nb:'Trợ lý giao tiếp'
application-label-ne:'Trợ lý giao tiếp'
application-label-nl:'Trợ lý giao tiếp'
application-label-or:'Trợ lý giao tiếp'
application-label-pa:'Trợ lý giao tiếp'
application-label-pl:'Trợ lý giao tiếp'
application-label-pt:'Trợ lý giao tiếp'
application-label-pt-BR:'Trợ lý giao tiếp'
application-label-pt-PT:'Trợ lý giao tiếp'
application-label-ro:'Trợ lý giao tiếp'
application-label-ru:'Trợ lý giao tiếp'
application-label-si:'Trợ lý giao tiếp'
application-label-sk:'Trợ lý giao tiếp'
application-label-sl:'Trợ lý giao tiếp'
application-label-sq:'Trợ lý giao tiếp'
application-label-sr:'Trợ lý giao tiếp'
application-label-sr-Latn:'Trợ lý giao tiếp'
application-label-sv:'Trợ lý giao tiếp'
application-label-sw:'Trợ lý giao tiếp'
application-label-ta:'Trợ lý giao tiếp'
application-label-te:'Trợ lý giao tiếp'
application-label-th:'Trợ lý giao tiếp'
application-label-tl:'Trợ lý giao tiếp'
application-label-tr:'Trợ lý giao tiếp'
application-label-uk:'Trợ lý giao tiếp'
application-label-ur:'Trợ lý giao tiếp'
application-label-uz:'Trợ lý giao tiếp'
application-label-vi:'Trợ lý giao tiếp'
application-label-zh-CN:'Trợ lý giao tiếp'
application-label-zh-HK:'Trợ lý giao tiếp'
application-label-zh-TW:'Trợ lý giao tiếp'
application-label-zu:'Trợ lý giao tiếp'
application-icon-160:'res/9w.png'
application-icon-240:'res/yn.png'
application-icon-320:'res/FS.png'
application-icon-480:'res/RJ.png'
application-icon-640:'res/o-.png'
application: label='Trợ lý giao tiếp' icon='res/9w.png'
launchable-activity: name='com.innotrik.aispeaking.MainActivity'  label='' icon=''
uses-library-not-required:'androidx.window.extensions'
uses-library-not-required:'androidx.window.sidecar'
feature-group: label=''
  uses-feature-not-required: name='android.hardware.bluetooth'
  uses-feature-not-required: name='android.hardware.bluetooth_le'
  uses-feature: name='android.hardware.microphone'
  uses-feature-not-required: name='android.software.companion_device_setup'
  uses-feature: name='android.hardware.faketouch'
  uses-implied-feature: name='android.hardware.faketouch' reason='default feature for all apps'
  uses-feature: name='android.hardware.location'
  uses-implied-feature: name='android.hardware.location' reason='requested android.permission.ACCESS_FINE_LOCATION permission'
main
other-activities
other-receivers
other-services
supports-screens: 'small' 'normal' 'large' 'xlarge'
supports-any-density: 'true'
locales: '--_--' 'af' 'am' 'ar' 'as' 'az' 'be' 'bg' 'bn' 'bs' 'ca' 'cs' 'da' 'de' 'el' 'en-AU' 'en-CA' 'en-GB' 'en-IN' 'en-XC' 'es' 'es-US' 'et' 'eu' 'fa' 'fi' 'fr' 'fr-CA' 'gl' 'gu' 'hi' 'hr' 'hu' 'hy' 'in' 'is' 'it' 'iw' 'ja' 'ka' 'kk' 'km' 'kn' 'ko' 'ky' 'lo' 'lt' 'lv' 'mk' 'ml' 'mn' 'mr' 'ms' 'my' 'nb' 'ne' 'nl' 'or' 'pa' 'pl' 'pt' 'pt-BR' 'pt-PT' 'ro' 'ru' 'si' 'sk' 'sl' 'sq' 'sr' 'sr-Latn' 'sv' 'sw' 'ta' 'te' 'th' 'tl' 'tr' 'uk' 'ur' 'uz' 'vi' 'zh-CN' 'zh-HK' 'zh-TW' 'zu'
densities: '160' '240' '320' '480' '640'
native-code: 'arm64-v8a' 'armeabi-v7a' 'x86_64'
